../Core/Src/main.c:74:5:main	112	static
../Core/Src/main.c:142:6:SystemClock_Config	88	static
../Core/Src/main.c:183:13:MX_ADC1_Init	24	static
../Core/Src/main.c:242:13:MX_SPI2_Init	8	static
../Core/Src/main.c:282:13:MX_GPIO_Init	48	static
../Core/Src/main.c:317:6:reset_screen	8	static
../Core/Src/main.c:325:6:init_screen	8	static
../Core/Src/main.c:338:6:clear_screen	16	static
../Core/Src/main.c:362:6:comm_write	16	static
../Core/Src/main.c:373:6:data_write	16	static
../Core/Src/main.c:383:6:print_data	40	static
../Core/Src/main.c:409:6:Error_Handler	8	static,ignoring_inline_asm
