../Core/Src/main.c:92:5:main	96	static
../Core/Src/main.c:190:6:SystemClock_Config	88	static
../Core/Src/main.c:231:13:MX_ADC1_Init	24	static
../Core/Src/main.c:317:13:MX_SPI2_Init	8	static
../Core/Src/main.c:357:13:MX_GPIO_Init	48	static
../Core/Src/main.c:392:6:reset_screen	8	static
../Core/Src/main.c:400:6:init_screen	8	static
../Core/Src/main.c:413:6:clear_screen	16	static
../Core/Src/main.c:437:6:comm_write	16	static
../Core/Src/main.c:448:6:data_write	16	static
../Core/Src/main.c:458:6:print_data	40	static
../Core/Src/main.c:478:6:reverse	32	static
../Core/Src/main.c:494:5:intToStr	32	static
../Core/Src/main.c:513:6:ftoa	48	static
../Core/Src/main.c:543:6:Error_Handler	8	static,ignoring_inline_asm
