22:40:27 **** Incremental Build of configuration Debug for project VVC ****
make -j16 all 
arm-none-eabi-gcc "../Core/Src/string2float.c" -mcpu=cortex-m0plus -std=gnu11 -g3 -DDEBUG -DUSE_HAL_DRIVER -DSTM32G030xx -c -I../Core/Inc -I../Drivers/STM32G0xx_HAL_Driver/Inc -I../Drivers/STM32G0xx_HAL_Driver/Inc/Legacy -I../Drivers/CMSIS/Device/ST/STM32G0xx/Include -I../Drivers/CMSIS/Include -O0 -ffunction-sections -fdata-sections -Wall -fstack-usage -fcyclomatic-complexity -MMD -MP -MF"Core/Src/string2float.d" -MT"Core/Src/string2float.o" --specs=nano.specs -mfloat-abi=soft -mthumb -o "Core/Src/string2float.o"
arm-none-eabi-gcc -o "VVC.elf" @"objects.list"   -mcpu=cortex-m0plus -T"C:\Users\Ghani\Documents\ECE Projects\Variable_Voltage_Controller\Program\VVC\STM32G030F6PX_FLASH.ld" --specs=nosys.specs -Wl,-Map="VVC.map" -Wl,--gc-sections -static --specs=nano.specs -mfloat-abi=soft -mthumb -Wl,--start-group -lc -lm -Wl,--end-group
Finished building target: VVC.elf
 
arm-none-eabi-size  VVC.elf 
arm-none-eabi-objdump -h -S VVC.elf  > "VVC.list"
   text	   data	    bss	    dec	    hex	filename
  30140	    128	   2160	  32428	   7eac	VVC.elf
Finished building: default.size.stdout
 
Finished building: VVC.list
 
22:40:35 **** Incremental Build of configuration Debug for project VVC ****
make -j16 all 
arm-none-eabi-size  VVC.elf 
   text	   data	    bss	    dec	    hex	filename
  30140	    128	   2160	  32428	   7eac	VVC.elf
Finished building: default.size.stdout
 
22:41:14 **** Incremental Build of configuration Debug for project VVC ****
make -j16 all 
arm-none-eabi-size  VVC.elf 
   text	   data	    bss	    dec	    hex	filename
  30140	    128	   2160	  32428	   7eac	VVC.elf
Finished building: default.size.stdout
 
22:43:52 **** Incremental Build of configuration Debug for project VVC ****
make -j16 all 
arm-none-eabi-gcc "../Core/Src/string2float.c" -mcpu=cortex-m0plus -std=gnu11 -g3 -DDEBUG -DUSE_HAL_DRIVER -DSTM32G030xx -c -I../Core/Inc -I../Drivers/STM32G0xx_HAL_Driver/Inc -I../Drivers/STM32G0xx_HAL_Driver/Inc/Legacy -I../Drivers/CMSIS/Device/ST/STM32G0xx/Include -I../Drivers/CMSIS/Include -O0 -ffunction-sections -fdata-sections -Wall -fstack-usage -fcyclomatic-complexity -MMD -MP -MF"Core/Src/string2float.d" -MT"Core/Src/string2float.o" --specs=nano.specs -mfloat-abi=soft -mthumb -o "Core/Src/string2float.o"
arm-none-eabi-gcc -o "VVC.elf" @"objects.list"   -mcpu=cortex-m0plus -T"C:\Users\Ghani\Documents\ECE Projects\Variable_Voltage_Controller\Program\VVC\STM32G030F6PX_FLASH.ld" --specs=nosys.specs -Wl,-Map="VVC.map" -Wl,--gc-sections -static --specs=nano.specs -mfloat-abi=soft -mthumb -Wl,--start-group -lc -lm -Wl,--end-group
Finished building target: VVC.elf
 
arm-none-eabi-size  VVC.elf 
arm-none-eabi-objdump -h -S VVC.elf  > "VVC.list"
   text	   data	    bss	    dec	    hex	filename
  30148	    128	   2160	  32436	   7eb4	VVC.elf
Finished building: default.size.stdout
 
Finished building: VVC.list
 
22:46:05 **** Incremental Build of configuration Debug for project VVC ****
make -j16 all 
arm-none-eabi-gcc "../Core/Src/string2float.c" -mcpu=cortex-m0plus -std=gnu11 -g3 -DDEBUG -DUSE_HAL_DRIVER -DSTM32G030xx -c -I../Core/Inc -I../Drivers/STM32G0xx_HAL_Driver/Inc -I../Drivers/STM32G0xx_HAL_Driver/Inc/Legacy -I../Drivers/CMSIS/Device/ST/STM32G0xx/Include -I../Drivers/CMSIS/Include -O0 -ffunction-sections -fdata-sections -Wall -fstack-usage -fcyclomatic-complexity -MMD -MP -MF"Core/Src/string2float.d" -MT"Core/Src/string2float.o" --specs=nano.specs -mfloat-abi=soft -mthumb -o "Core/Src/string2float.o"
arm-none-eabi-gcc -o "VVC.elf" @"objects.list"   -mcpu=cortex-m0plus -T"C:\Users\Ghani\Documents\ECE Projects\Variable_Voltage_Controller\Program\VVC\STM32G030F6PX_FLASH.ld" --specs=nosys.specs -Wl,-Map="VVC.map" -Wl,--gc-sections -static --specs=nano.specs -mfloat-abi=soft -mthumb -Wl,--start-group -lc -lm -Wl,--end-group
Finished building target: VVC.elf
 
arm-none-eabi-size  VVC.elf 
arm-none-eabi-objdump -h -S VVC.elf  > "VVC.list"
   text	   data	    bss	    dec	    hex	filename
  30144	    128	   2160	  32432	   7eb0	VVC.elf
Finished building: default.size.stdout
 
Finished building: VVC.list
 
22:49:40 **** Incremental Build of configuration Debug for project VVC ****
make -j16 all 
arm-none-eabi-gcc "../Core/Src/string2float.c" -mcpu=cortex-m0plus -std=gnu11 -g3 -DDEBUG -DUSE_HAL_DRIVER -DSTM32G030xx -c -I../Core/Inc -I../Drivers/STM32G0xx_HAL_Driver/Inc -I../Drivers/STM32G0xx_HAL_Driver/Inc/Legacy -I../Drivers/CMSIS/Device/ST/STM32G0xx/Include -I../Drivers/CMSIS/Include -O0 -ffunction-sections -fdata-sections -Wall -fstack-usage -fcyclomatic-complexity -MMD -MP -MF"Core/Src/string2float.d" -MT"Core/Src/string2float.o" --specs=nano.specs -mfloat-abi=soft -mthumb -o "Core/Src/string2float.o"
arm-none-eabi-gcc -o "VVC.elf" @"objects.list"   -mcpu=cortex-m0plus -T"C:\Users\Ghani\Documents\ECE Projects\Variable_Voltage_Controller\Program\VVC\STM32G030F6PX_FLASH.ld" --specs=nosys.specs -Wl,-Map="VVC.map" -Wl,--gc-sections -static --specs=nano.specs -mfloat-abi=soft -mthumb -Wl,--start-group -lc -lm -Wl,--end-group
Finished building target: VVC.elf
 
arm-none-eabi-size  VVC.elf 
arm-none-eabi-objdump -h -S VVC.elf  > "VVC.list"
   text	   data	    bss	    dec	    hex	filename
  30152	    128	   2160	  32440	   7eb8	VVC.elf
Finished building: default.size.stdout
 
Finished building: VVC.list
 
22:53:18 **** Incremental Build of configuration Debug for project VVC ****
make -j16 all 
arm-none-eabi-size  VVC.elf 
   text	   data	    bss	    dec	    hex	filename
  30152	    128	   2160	  32440	   7eb8	VVC.elf
Finished building: default.size.stdout
 
22:54:08 **** Incremental Build of configuration Debug for project VVC ****
make -j16 all 
arm-none-eabi-gcc "../Core/Src/main.c" -mcpu=cortex-m0plus -std=gnu11 -g3 -DDEBUG -DUSE_HAL_DRIVER -DSTM32G030xx -c -I../Core/Inc -I../Drivers/STM32G0xx_HAL_Driver/Inc -I../Drivers/STM32G0xx_HAL_Driver/Inc/Legacy -I../Drivers/CMSIS/Device/ST/STM32G0xx/Include -I../Drivers/CMSIS/Include -O0 -ffunction-sections -fdata-sections -Wall -fstack-usage -fcyclomatic-complexity -MMD -MP -MF"Core/Src/main.d" -MT"Core/Src/main.o" --specs=nano.specs -mfloat-abi=soft -mthumb -o "Core/Src/main.o"
../Core/Src/main.c:58:20: warning: 'scales' defined but not used [-Wunused-const-variable=]
   58 | static const float scales[] = {vi_scale, vo_scale, curr_scale, curr_scale};
      |                    ^~~~~~
../Core/Src/main.c:54:23: warning: 'adc_res' defined but not used [-Wunused-const-variable=]
   54 | static const uint16_t adc_res = 4095;   //ADC resolution = 2^12-1
      |                       ^~~~~~~
arm-none-eabi-gcc -o "VVC.elf" @"objects.list"   -mcpu=cortex-m0plus -T"C:\Users\Ghani\Documents\ECE Projects\Variable_Voltage_Controller\Program\VVC\STM32G030F6PX_FLASH.ld" --specs=nosys.specs -Wl,-Map="VVC.map" -Wl,--gc-sections -static --specs=nano.specs -mfloat-abi=soft -mthumb -Wl,--start-group -lc -lm -Wl,--end-group
Finished building target: VVC.elf
 
arm-none-eabi-size  VVC.elf 
arm-none-eabi-objdump -h -S VVC.elf  > "VVC.list"
   text	   data	    bss	    dec	    hex	filename
  28596	    128	   2160	  30884	   78a4	VVC.elf
Finished building: default.size.stdout
 
Finished building: VVC.list
 
22:54:48 **** Incremental Build of configuration Debug for project VVC ****
make -j16 all 
arm-none-eabi-gcc "../Core/Src/main.c" -mcpu=cortex-m0plus -std=gnu11 -g3 -DDEBUG -DUSE_HAL_DRIVER -DSTM32G030xx -c -I../Core/Inc -I../Drivers/STM32G0xx_HAL_Driver/Inc -I../Drivers/STM32G0xx_HAL_Driver/Inc/Legacy -I../Drivers/CMSIS/Device/ST/STM32G0xx/Include -I../Drivers/CMSIS/Include -O0 -ffunction-sections -fdata-sections -Wall -fstack-usage -fcyclomatic-complexity -MMD -MP -MF"Core/Src/main.d" -MT"Core/Src/main.o" --specs=nano.specs -mfloat-abi=soft -mthumb -o "Core/Src/main.o"
../Core/Src/main.c:58:20: warning: 'scales' defined but not used [-Wunused-const-variable=]
   58 | static const float scales[] = {vi_scale, vo_scale, curr_scale, curr_scale};
      |                    ^~~~~~
../Core/Src/main.c:54:23: warning: 'adc_res' defined but not used [-Wunused-const-variable=]
   54 | static const uint16_t adc_res = 4095;   //ADC resolution = 2^12-1
      |                       ^~~~~~~
arm-none-eabi-gcc -o "VVC.elf" @"objects.list"   -mcpu=cortex-m0plus -T"C:\Users\Ghani\Documents\ECE Projects\Variable_Voltage_Controller\Program\VVC\STM32G030F6PX_FLASH.ld" --specs=nosys.specs -Wl,-Map="VVC.map" -Wl,--gc-sections -static --specs=nano.specs -mfloat-abi=soft -mthumb -Wl,--start-group -lc -lm -Wl,--end-group
Finished building target: VVC.elf
 
arm-none-eabi-size  VVC.elf 
arm-none-eabi-objdump -h -S VVC.elf  > "VVC.list"
   text	   data	    bss	    dec	    hex	filename
  28600	    128	   2160	  30888	   78a8	VVC.elf
Finished building: default.size.stdout
 
Finished building: VVC.list
 
22:55:33 **** Incremental Build of configuration Debug for project VVC ****
make -j16 all 
arm-none-eabi-gcc "../Core/Src/main.c" -mcpu=cortex-m0plus -std=gnu11 -g3 -DDEBUG -DUSE_HAL_DRIVER -DSTM32G030xx -c -I../Core/Inc -I../Drivers/STM32G0xx_HAL_Driver/Inc -I../Drivers/STM32G0xx_HAL_Driver/Inc/Legacy -I../Drivers/CMSIS/Device/ST/STM32G0xx/Include -I../Drivers/CMSIS/Include -O0 -ffunction-sections -fdata-sections -Wall -fstack-usage -fcyclomatic-complexity -MMD -MP -MF"Core/Src/main.d" -MT"Core/Src/main.o" --specs=nano.specs -mfloat-abi=soft -mthumb -o "Core/Src/main.o"
../Core/Src/main.c:58:20: warning: 'scales' defined but not used [-Wunused-const-variable=]
   58 | static const float scales[] = {vi_scale, vo_scale, curr_scale, curr_scale};
      |                    ^~~~~~
../Core/Src/main.c:54:23: warning: 'adc_res' defined but not used [-Wunused-const-variable=]
   54 | static const uint16_t adc_res = 4095;   //ADC resolution = 2^12-1
      |                       ^~~~~~~
arm-none-eabi-gcc -o "VVC.elf" @"objects.list"   -mcpu=cortex-m0plus -T"C:\Users\Ghani\Documents\ECE Projects\Variable_Voltage_Controller\Program\VVC\STM32G030F6PX_FLASH.ld" --specs=nosys.specs -Wl,-Map="VVC.map" -Wl,--gc-sections -static --specs=nano.specs -mfloat-abi=soft -mthumb -Wl,--start-group -lc -lm -Wl,--end-group
Finished building target: VVC.elf
 
arm-none-eabi-size  VVC.elf 
arm-none-eabi-objdump -h -S VVC.elf  > "VVC.list"
   text	   data	    bss	    dec	    hex	filename
  28600	    128	   2160	  30888	   78a8	VVC.elf
Finished building: default.size.stdout
 
Finished building: VVC.list
 
23:10:49 **** Incremental Build of configuration Debug for project VVC ****
make -j16 all 
arm-none-eabi-gcc "../Core/Src/main.c" -mcpu=cortex-m0plus -std=gnu11 -g3 -DDEBUG -DUSE_HAL_DRIVER -DSTM32G030xx -c -I../Core/Inc -I../Drivers/STM32G0xx_HAL_Driver/Inc -I../Drivers/STM32G0xx_HAL_Driver/Inc/Legacy -I../Drivers/CMSIS/Device/ST/STM32G0xx/Include -I../Drivers/CMSIS/Include -O0 -ffunction-sections -fdata-sections -Wall -fstack-usage -fcyclomatic-complexity -MMD -MP -MF"Core/Src/main.d" -MT"Core/Src/main.o" --specs=nano.specs -mfloat-abi=soft -mthumb -o "Core/Src/main.o"
../Core/Src/main.c:58:20: warning: 'scales' defined but not used [-Wunused-const-variable=]
   58 | static const float scales[] = {vi_scale, vo_scale, curr_scale, curr_scale};
      |                    ^~~~~~
../Core/Src/main.c:54:23: warning: 'adc_res' defined but not used [-Wunused-const-variable=]
   54 | static const uint16_t adc_res = 4095;   //ADC resolution = 2^12-1
      |                       ^~~~~~~
arm-none-eabi-gcc -o "VVC.elf" @"objects.list"   -mcpu=cortex-m0plus -T"C:\Users\Ghani\Documents\ECE Projects\Variable_Voltage_Controller\Program\VVC\STM32G030F6PX_FLASH.ld" --specs=nosys.specs -Wl,-Map="VVC.map" -Wl,--gc-sections -static --specs=nano.specs -mfloat-abi=soft -mthumb -Wl,--start-group -lc -lm -Wl,--end-group
Finished building target: VVC.elf
 
arm-none-eabi-size  VVC.elf 
arm-none-eabi-objdump -h -S VVC.elf  > "VVC.list"
   text	   data	    bss	    dec	    hex	filename
  28600	    128	   2160	  30888	   78a8	VVC.elf
Finished building: default.size.stdout
 
Finished building: VVC.list
 
23:12:10 **** Incremental Build of configuration Debug for project VVC ****
make -j16 all 
arm-none-eabi-gcc "../Core/Src/main.c" -mcpu=cortex-m0plus -std=gnu11 -g3 -DDEBUG -DUSE_HAL_DRIVER -DSTM32G030xx -c -I../Core/Inc -I../Drivers/STM32G0xx_HAL_Driver/Inc -I../Drivers/STM32G0xx_HAL_Driver/Inc/Legacy -I../Drivers/CMSIS/Device/ST/STM32G0xx/Include -I../Drivers/CMSIS/Include -O0 -ffunction-sections -fdata-sections -Wall -fstack-usage -fcyclomatic-complexity -MMD -MP -MF"Core/Src/main.d" -MT"Core/Src/main.o" --specs=nano.specs -mfloat-abi=soft -mthumb -o "Core/Src/main.o"
arm-none-eabi-gcc -o "VVC.elf" @"objects.list"   -mcpu=cortex-m0plus -T"C:\Users\Ghani\Documents\ECE Projects\Variable_Voltage_Controller\Program\VVC\STM32G030F6PX_FLASH.ld" --specs=nosys.specs -Wl,-Map="VVC.map" -Wl,--gc-sections -static --specs=nano.specs -mfloat-abi=soft -mthumb -Wl,--start-group -lc -lm -Wl,--end-group
Finished building target: VVC.elf
 
arm-none-eabi-size  VVC.elf 
arm-none-eabi-objdump -h -S VVC.elf  > "VVC.list"
   text	   data	    bss	    dec	    hex	filename
  30152	    128	   2160	  32440	   7eb8	VVC.elf
Finished building: default.size.stdout
 
Finished building: VVC.list
 
