01:25:11 **** Build of configuration Debug for project VVC ****
make -j16 all 
arm-none-eabi-gcc "../Core/Src/NHD_lcd.c" -mcpu=cortex-m0plus -std=gnu11 -g3 -DDEBUG -DUSE_HAL_DRIVER -DSTM32G030xx -c -I../Core/Inc -I../Drivers/STM32G0xx_HAL_Driver/Inc -I../Drivers/STM32G0xx_HAL_Driver/Inc/Legacy -I../Drivers/CMSIS/Device/ST/STM32G0xx/Include -I../Drivers/CMSIS/Include -O0 -ffunction-sections -fdata-sections -Wall -fstack-usage -fcyclomatic-complexity -MMD -MP -MF"Core/Src/NHD_lcd.d" -MT"Core/Src/NHD_lcd.o" --specs=nano.specs -mfloat-abi=soft -mthumb -o "Core/Src/NHD_lcd.o"
arm-none-eabi-gcc "../Core/Src/main.c" -mcpu=cortex-m0plus -std=gnu11 -g3 -DDEBUG -DUSE_HAL_DRIVER -DSTM32G030xx -c -I../Core/Inc -I../Drivers/STM32G0xx_HAL_Driver/Inc -I../Drivers/STM32G0xx_HAL_Driver/Inc/Legacy -I../Drivers/CMSIS/Device/ST/STM32G0xx/Include -I../Drivers/CMSIS/Include -O0 -ffunction-sections -fdata-sections -Wall -fstack-usage -fcyclomatic-complexity -MMD -MP -MF"Core/Src/main.d" -MT"Core/Src/main.o" --specs=nano.specs -mfloat-abi=soft -mthumb -o "Core/Src/main.o"
arm-none-eabi-gcc "../Core/Src/string2float.c" -mcpu=cortex-m0plus -std=gnu11 -g3 -DDEBUG -DUSE_HAL_DRIVER -DSTM32G030xx -c -I../Core/Inc -I../Drivers/STM32G0xx_HAL_Driver/Inc -I../Drivers/STM32G0xx_HAL_Driver/Inc/Legacy -I../Drivers/CMSIS/Device/ST/STM32G0xx/Include -I../Drivers/CMSIS/Include -O0 -ffunction-sections -fdata-sections -Wall -fstack-usage -fcyclomatic-complexity -MMD -MP -MF"Core/Src/string2float.d" -MT"Core/Src/string2float.o" --specs=nano.specs -mfloat-abi=soft -mthumb -o "Core/Src/string2float.o"
arm-none-eabi-gcc -o "VVC.elf" @"objects.list"   -mcpu=cortex-m0plus -T"C:\Users\Ghani\Documents\ECE Projects\Variable_Voltage_Controller\Program\VVC\STM32G030F6PX_FLASH.ld" --specs=nosys.specs -Wl,-Map="VVC.map" -Wl,--gc-sections -static --specs=nano.specs -mfloat-abi=soft -mthumb -Wl,--start-group -lc -lm -Wl,--end-group
Finished building target: VVC.elf
 
arm-none-eabi-size  VVC.elf 
arm-none-eabi-objdump -h -S VVC.elf  > "VVC.list"
   text	   data	    bss	    dec	    hex	filename
  29092	    128	   2160	  31380	   7a94	VVC.elf
Finished building: default.size.stdout
 
Finished building: VVC.list
 
01:25:15 **** Incremental Build of configuration Debug for project VVC ****
make -j16 all 
arm-none-eabi-size  VVC.elf 
   text	   data	    bss	    dec	    hex	filename
  29092	    128	   2160	  31380	   7a94	VVC.elf
Finished building: default.size.stdout
 
21:00:52 **** Incremental Build of configuration Debug for project VVC ****
make -j16 all 
arm-none-eabi-gcc "../Core/Src/main.c" -mcpu=cortex-m0plus -std=gnu11 -g3 -DDEBUG -DUSE_HAL_DRIVER -DSTM32G030xx -c -I../Core/Inc -I../Drivers/STM32G0xx_HAL_Driver/Inc -I../Drivers/STM32G0xx_HAL_Driver/Inc/Legacy -I../Drivers/CMSIS/Device/ST/STM32G0xx/Include -I../Drivers/CMSIS/Include -O0 -ffunction-sections -fdata-sections -Wall -fstack-usage -fcyclomatic-complexity -MMD -MP -MF"Core/Src/main.d" -MT"Core/Src/main.o" --specs=nano.specs -mfloat-abi=soft -mthumb -o "Core/Src/main.o"
arm-none-eabi-gcc -o "VVC.elf" @"objects.list"   -mcpu=cortex-m0plus -T"C:\Users\Ghani\Documents\ECE Projects\Variable_Voltage_Controller\Program\VVC\STM32G030F6PX_FLASH.ld" --specs=nosys.specs -Wl,-Map="VVC.map" -Wl,--gc-sections -static --specs=nano.specs -mfloat-abi=soft -mthumb -Wl,--start-group -lc -lm -Wl,--end-group
Finished building target: VVC.elf
 
arm-none-eabi-size  VVC.elf 
arm-none-eabi-objdump -h -S VVC.elf  > "VVC.list"
   text	   data	    bss	    dec	    hex	filename
  29092	    128	   2160	  31380	   7a94	VVC.elf
Finished building: default.size.stdout
 
Finished building: VVC.list
 
21:02:04 **** Incremental Build of configuration Debug for project VVC ****
make -j16 all 
arm-none-eabi-gcc -o "VVC.elf" @"objects.list"   -mcpu=cortex-m0plus -T"C:\Users\Ghani\Documents\ECE Projects\Variable_Voltage_Controller\Program\VVC\STM32G030F6PX_FLASH.ld" --specs=nosys.specs -Wl,-Map="VVC.map" -Wl,--gc-sections -static --specs=nano.specs -mfloat-abi=soft -mthumb -Wl,--start-group -lc -lm -Wl,--end-group
Finished building target: VVC.elf
 
arm-none-eabi-size  VVC.elf 
arm-none-eabi-objdump -h -S VVC.elf  > "VVC.list"
   text	   data	    bss	    dec	    hex	filename
  29092	    128	   2160	  31380	   7a94	VVC.elf
Finished building: default.size.stdout
 
Finished building: VVC.list
 
00:59:18 **** Incremental Build of configuration Debug for project VVC ****
make -j16 all 
arm-none-eabi-gcc "../Core/Src/main.c" -mcpu=cortex-m0plus -std=gnu11 -g3 -DDEBUG -DUSE_HAL_DRIVER -DSTM32G030xx -c -I../Core/Inc -I../Drivers/STM32G0xx_HAL_Driver/Inc -I../Drivers/STM32G0xx_HAL_Driver/Inc/Legacy -I../Drivers/CMSIS/Device/ST/STM32G0xx/Include -I../Drivers/CMSIS/Include -O0 -ffunction-sections -fdata-sections -Wall -fstack-usage -fcyclomatic-complexity -MMD -MP -MF"Core/Src/main.d" -MT"Core/Src/main.o" --specs=nano.specs -mfloat-abi=soft -mthumb -o "Core/Src/main.o"
arm-none-eabi-gcc -o "VVC.elf" @"objects.list"   -mcpu=cortex-m0plus -T"C:\Users\Ghani\Documents\ECE Projects\Variable_Voltage_Controller\Program\VVC\STM32G030F6PX_FLASH.ld" --specs=nosys.specs -Wl,-Map="VVC.map" -Wl,--gc-sections -static --specs=nano.specs -mfloat-abi=soft -mthumb -Wl,--start-group -lc -lm -Wl,--end-group
Finished building target: VVC.elf
 
arm-none-eabi-size  VVC.elf 
arm-none-eabi-objdump -h -S VVC.elf  > "VVC.list"
   text	   data	    bss	    dec	    hex	filename
  29092	    128	   2160	  31380	   7a94	VVC.elf
Finished building: default.size.stdout
 
Finished building: VVC.list
 
01:00:15 **** Incremental Build of configuration Debug for project VVC ****
make -j16 all 
arm-none-eabi-gcc "../Core/Src/main.c" -mcpu=cortex-m0plus -std=gnu11 -g3 -DDEBUG -DUSE_HAL_DRIVER -DSTM32G030xx -c -I../Core/Inc -I../Drivers/STM32G0xx_HAL_Driver/Inc -I../Drivers/STM32G0xx_HAL_Driver/Inc/Legacy -I../Drivers/CMSIS/Device/ST/STM32G0xx/Include -I../Drivers/CMSIS/Include -O0 -ffunction-sections -fdata-sections -Wall -fstack-usage -fcyclomatic-complexity -MMD -MP -MF"Core/Src/main.d" -MT"Core/Src/main.o" --specs=nano.specs -mfloat-abi=soft -mthumb -o "Core/Src/main.o"
arm-none-eabi-gcc -o "VVC.elf" @"objects.list"   -mcpu=cortex-m0plus -T"C:\Users\Ghani\Documents\ECE Projects\Variable_Voltage_Controller\Program\VVC\STM32G030F6PX_FLASH.ld" --specs=nosys.specs -Wl,-Map="VVC.map" -Wl,--gc-sections -static --specs=nano.specs -mfloat-abi=soft -mthumb -Wl,--start-group -lc -lm -Wl,--end-group
Finished building target: VVC.elf
 
arm-none-eabi-size  VVC.elf 
arm-none-eabi-objdump -h -S VVC.elf  > "VVC.list"
   text	   data	    bss	    dec	    hex	filename
  29092	    128	   2160	  31380	   7a94	VVC.elf
Finished building: default.size.stdout
 
Finished building: VVC.list
 
01:01:18 **** Incremental Build of configuration Debug for project VVC ****
make -j16 all 
arm-none-eabi-gcc "../Core/Src/main.c" -mcpu=cortex-m0plus -std=gnu11 -g3 -DDEBUG -DUSE_HAL_DRIVER -DSTM32G030xx -c -I../Core/Inc -I../Drivers/STM32G0xx_HAL_Driver/Inc -I../Drivers/STM32G0xx_HAL_Driver/Inc/Legacy -I../Drivers/CMSIS/Device/ST/STM32G0xx/Include -I../Drivers/CMSIS/Include -O0 -ffunction-sections -fdata-sections -Wall -fstack-usage -fcyclomatic-complexity -MMD -MP -MF"Core/Src/main.d" -MT"Core/Src/main.o" --specs=nano.specs -mfloat-abi=soft -mthumb -o "Core/Src/main.o"
arm-none-eabi-gcc -o "VVC.elf" @"objects.list"   -mcpu=cortex-m0plus -T"C:\Users\Ghani\Documents\ECE Projects\Variable_Voltage_Controller\Program\VVC\STM32G030F6PX_FLASH.ld" --specs=nosys.specs -Wl,-Map="VVC.map" -Wl,--gc-sections -static --specs=nano.specs -mfloat-abi=soft -mthumb -Wl,--start-group -lc -lm -Wl,--end-group
Finished building target: VVC.elf
 
arm-none-eabi-size  VVC.elf 
arm-none-eabi-objdump -h -S VVC.elf  > "VVC.list"
   text	   data	    bss	    dec	    hex	filename
  29092	    128	   2160	  31380	   7a94	VVC.elf
Finished building: default.size.stdout
 
Finished building: VVC.list
 
18:34:38 **** Incremental Build of configuration Debug for project VVC ****
make -j16 all 
arm-none-eabi-gcc "../Core/Src/main.c" -mcpu=cortex-m0plus -std=gnu11 -g3 -DDEBUG -DUSE_HAL_DRIVER -DSTM32G030xx -c -I../Core/Inc -I../Drivers/STM32G0xx_HAL_Driver/Inc -I../Drivers/STM32G0xx_HAL_Driver/Inc/Legacy -I../Drivers/CMSIS/Device/ST/STM32G0xx/Include -I../Drivers/CMSIS/Include -O0 -ffunction-sections -fdata-sections -Wall -fstack-usage -fcyclomatic-complexity -MMD -MP -MF"Core/Src/main.d" -MT"Core/Src/main.o" --specs=nano.specs -mfloat-abi=soft -mthumb -o "Core/Src/main.o"
arm-none-eabi-gcc -o "VVC.elf" @"objects.list"   -mcpu=cortex-m0plus -T"C:\Users\Ghani\Documents\ECE Projects\Variable_Voltage_Controller\Program\VVC\STM32G030F6PX_FLASH.ld" --specs=nosys.specs -Wl,-Map="VVC.map" -Wl,--gc-sections -static --specs=nano.specs -mfloat-abi=soft -mthumb -Wl,--start-group -lc -lm -Wl,--end-group
Finished building target: VVC.elf
 
arm-none-eabi-size  VVC.elf 
arm-none-eabi-objdump -h -S VVC.elf  > "VVC.list"
   text	   data	    bss	    dec	    hex	filename
  29108	    128	   2160	  31396	   7aa4	VVC.elf
Finished building: default.size.stdout
 
Finished building: VVC.list
 
18:35:42 **** Incremental Build of configuration Debug for project VVC ****
make -j16 all 
arm-none-eabi-gcc "../Core/Src/main.c" -mcpu=cortex-m0plus -std=gnu11 -g3 -DDEBUG -DUSE_HAL_DRIVER -DSTM32G030xx -c -I../Core/Inc -I../Drivers/STM32G0xx_HAL_Driver/Inc -I../Drivers/STM32G0xx_HAL_Driver/Inc/Legacy -I../Drivers/CMSIS/Device/ST/STM32G0xx/Include -I../Drivers/CMSIS/Include -O0 -ffunction-sections -fdata-sections -Wall -fstack-usage -fcyclomatic-complexity -MMD -MP -MF"Core/Src/main.d" -MT"Core/Src/main.o" --specs=nano.specs -mfloat-abi=soft -mthumb -o "Core/Src/main.o"
arm-none-eabi-gcc -o "VVC.elf" @"objects.list"   -mcpu=cortex-m0plus -T"C:\Users\Ghani\Documents\ECE Projects\Variable_Voltage_Controller\Program\VVC\STM32G030F6PX_FLASH.ld" --specs=nosys.specs -Wl,-Map="VVC.map" -Wl,--gc-sections -static --specs=nano.specs -mfloat-abi=soft -mthumb -Wl,--start-group -lc -lm -Wl,--end-group
Finished building target: VVC.elf
 
arm-none-eabi-size  VVC.elf 
arm-none-eabi-objdump -h -S VVC.elf  > "VVC.list"
   text	   data	    bss	    dec	    hex	filename
  29112	    128	   2160	  31400	   7aa8	VVC.elf
Finished building: default.size.stdout
 
Finished building: VVC.list
 
18:36:29 **** Incremental Build of configuration Debug for project VVC ****
make -j16 all 
arm-none-eabi-gcc "../Core/Src/main.c" -mcpu=cortex-m0plus -std=gnu11 -g3 -DDEBUG -DUSE_HAL_DRIVER -DSTM32G030xx -c -I../Core/Inc -I../Drivers/STM32G0xx_HAL_Driver/Inc -I../Drivers/STM32G0xx_HAL_Driver/Inc/Legacy -I../Drivers/CMSIS/Device/ST/STM32G0xx/Include -I../Drivers/CMSIS/Include -O0 -ffunction-sections -fdata-sections -Wall -fstack-usage -fcyclomatic-complexity -MMD -MP -MF"Core/Src/main.d" -MT"Core/Src/main.o" --specs=nano.specs -mfloat-abi=soft -mthumb -o "Core/Src/main.o"
arm-none-eabi-gcc -o "VVC.elf" @"objects.list"   -mcpu=cortex-m0plus -T"C:\Users\Ghani\Documents\ECE Projects\Variable_Voltage_Controller\Program\VVC\STM32G030F6PX_FLASH.ld" --specs=nosys.specs -Wl,-Map="VVC.map" -Wl,--gc-sections -static --specs=nano.specs -mfloat-abi=soft -mthumb -Wl,--start-group -lc -lm -Wl,--end-group
Finished building target: VVC.elf
 
arm-none-eabi-size  VVC.elf 
arm-none-eabi-objdump -h -S VVC.elf  > "VVC.list"
   text	   data	    bss	    dec	    hex	filename
  29112	    128	   2160	  31400	   7aa8	VVC.elf
Finished building: default.size.stdout
 
Finished building: VVC.list
 
18:37:14 **** Incremental Build of configuration Debug for project VVC ****
make -j16 all 
arm-none-eabi-gcc "../Core/Src/main.c" -mcpu=cortex-m0plus -std=gnu11 -g3 -DDEBUG -DUSE_HAL_DRIVER -DSTM32G030xx -c -I../Core/Inc -I../Drivers/STM32G0xx_HAL_Driver/Inc -I../Drivers/STM32G0xx_HAL_Driver/Inc/Legacy -I../Drivers/CMSIS/Device/ST/STM32G0xx/Include -I../Drivers/CMSIS/Include -O0 -ffunction-sections -fdata-sections -Wall -fstack-usage -fcyclomatic-complexity -MMD -MP -MF"Core/Src/main.d" -MT"Core/Src/main.o" --specs=nano.specs -mfloat-abi=soft -mthumb -o "Core/Src/main.o"
arm-none-eabi-gcc -o "VVC.elf" @"objects.list"   -mcpu=cortex-m0plus -T"C:\Users\Ghani\Documents\ECE Projects\Variable_Voltage_Controller\Program\VVC\STM32G030F6PX_FLASH.ld" --specs=nosys.specs -Wl,-Map="VVC.map" -Wl,--gc-sections -static --specs=nano.specs -mfloat-abi=soft -mthumb -Wl,--start-group -lc -lm -Wl,--end-group
Finished building target: VVC.elf
 
arm-none-eabi-size  VVC.elf 
arm-none-eabi-objdump -h -S VVC.elf  > "VVC.list"
   text	   data	    bss	    dec	    hex	filename
  29108	    128	   2160	  31396	   7aa4	VVC.elf
Finished building: default.size.stdout
 
Finished building: VVC.list
 
18:38:07 **** Incremental Build of configuration Debug for project VVC ****
make -j16 all 
arm-none-eabi-gcc "../Core/Src/main.c" -mcpu=cortex-m0plus -std=gnu11 -g3 -DDEBUG -DUSE_HAL_DRIVER -DSTM32G030xx -c -I../Core/Inc -I../Drivers/STM32G0xx_HAL_Driver/Inc -I../Drivers/STM32G0xx_HAL_Driver/Inc/Legacy -I../Drivers/CMSIS/Device/ST/STM32G0xx/Include -I../Drivers/CMSIS/Include -O0 -ffunction-sections -fdata-sections -Wall -fstack-usage -fcyclomatic-complexity -MMD -MP -MF"Core/Src/main.d" -MT"Core/Src/main.o" --specs=nano.specs -mfloat-abi=soft -mthumb -o "Core/Src/main.o"
arm-none-eabi-gcc -o "VVC.elf" @"objects.list"   -mcpu=cortex-m0plus -T"C:\Users\Ghani\Documents\ECE Projects\Variable_Voltage_Controller\Program\VVC\STM32G030F6PX_FLASH.ld" --specs=nosys.specs -Wl,-Map="VVC.map" -Wl,--gc-sections -static --specs=nano.specs -mfloat-abi=soft -mthumb -Wl,--start-group -lc -lm -Wl,--end-group
Finished building target: VVC.elf
 
arm-none-eabi-size  VVC.elf 
arm-none-eabi-objdump -h -S VVC.elf  > "VVC.list"
   text	   data	    bss	    dec	    hex	filename
  29112	    128	   2160	  31400	   7aa8	VVC.elf
Finished building: default.size.stdout
 
Finished building: VVC.list
 
18:39:28 **** Incremental Build of configuration Debug for project VVC ****
make -j16 all 
arm-none-eabi-gcc "../Core/Src/main.c" -mcpu=cortex-m0plus -std=gnu11 -g3 -DDEBUG -DUSE_HAL_DRIVER -DSTM32G030xx -c -I../Core/Inc -I../Drivers/STM32G0xx_HAL_Driver/Inc -I../Drivers/STM32G0xx_HAL_Driver/Inc/Legacy -I../Drivers/CMSIS/Device/ST/STM32G0xx/Include -I../Drivers/CMSIS/Include -O0 -ffunction-sections -fdata-sections -Wall -fstack-usage -fcyclomatic-complexity -MMD -MP -MF"Core/Src/main.d" -MT"Core/Src/main.o" --specs=nano.specs -mfloat-abi=soft -mthumb -o "Core/Src/main.o"
arm-none-eabi-gcc -o "VVC.elf" @"objects.list"   -mcpu=cortex-m0plus -T"C:\Users\Ghani\Documents\ECE Projects\Variable_Voltage_Controller\Program\VVC\STM32G030F6PX_FLASH.ld" --specs=nosys.specs -Wl,-Map="VVC.map" -Wl,--gc-sections -static --specs=nano.specs -mfloat-abi=soft -mthumb -Wl,--start-group -lc -lm -Wl,--end-group
Finished building target: VVC.elf
 
arm-none-eabi-size  VVC.elf 
arm-none-eabi-objdump -h -S VVC.elf  > "VVC.list"
   text	   data	    bss	    dec	    hex	filename
  29112	    128	   2160	  31400	   7aa8	VVC.elf
Finished building: default.size.stdout
 
Finished building: VVC.list
 
18:41:19 **** Incremental Build of configuration Debug for project VVC ****
make -j16 all 
arm-none-eabi-gcc "../Core/Src/main.c" -mcpu=cortex-m0plus -std=gnu11 -g3 -DDEBUG -DUSE_HAL_DRIVER -DSTM32G030xx -c -I../Core/Inc -I../Drivers/STM32G0xx_HAL_Driver/Inc -I../Drivers/STM32G0xx_HAL_Driver/Inc/Legacy -I../Drivers/CMSIS/Device/ST/STM32G0xx/Include -I../Drivers/CMSIS/Include -O0 -ffunction-sections -fdata-sections -Wall -fstack-usage -fcyclomatic-complexity -MMD -MP -MF"Core/Src/main.d" -MT"Core/Src/main.o" --specs=nano.specs -mfloat-abi=soft -mthumb -o "Core/Src/main.o"
arm-none-eabi-gcc -o "VVC.elf" @"objects.list"   -mcpu=cortex-m0plus -T"C:\Users\Ghani\Documents\ECE Projects\Variable_Voltage_Controller\Program\VVC\STM32G030F6PX_FLASH.ld" --specs=nosys.specs -Wl,-Map="VVC.map" -Wl,--gc-sections -static --specs=nano.specs -mfloat-abi=soft -mthumb -Wl,--start-group -lc -lm -Wl,--end-group
Finished building target: VVC.elf
 
arm-none-eabi-size  VVC.elf 
arm-none-eabi-objdump -h -S VVC.elf  > "VVC.list"
   text	   data	    bss	    dec	    hex	filename
  29108	    128	   2160	  31396	   7aa4	VVC.elf
Finished building: default.size.stdout
 
Finished building: VVC.list
 
18:43:28 **** Incremental Build of configuration Debug for project VVC ****
make -j16 all 
arm-none-eabi-gcc "../Core/Src/main.c" -mcpu=cortex-m0plus -std=gnu11 -g3 -DDEBUG -DUSE_HAL_DRIVER -DSTM32G030xx -c -I../Core/Inc -I../Drivers/STM32G0xx_HAL_Driver/Inc -I../Drivers/STM32G0xx_HAL_Driver/Inc/Legacy -I../Drivers/CMSIS/Device/ST/STM32G0xx/Include -I../Drivers/CMSIS/Include -O0 -ffunction-sections -fdata-sections -Wall -fstack-usage -fcyclomatic-complexity -MMD -MP -MF"Core/Src/main.d" -MT"Core/Src/main.o" --specs=nano.specs -mfloat-abi=soft -mthumb -o "Core/Src/main.o"
arm-none-eabi-gcc -o "VVC.elf" @"objects.list"   -mcpu=cortex-m0plus -T"C:\Users\Ghani\Documents\ECE Projects\Variable_Voltage_Controller\Program\VVC\STM32G030F6PX_FLASH.ld" --specs=nosys.specs -Wl,-Map="VVC.map" -Wl,--gc-sections -static --specs=nano.specs -mfloat-abi=soft -mthumb -Wl,--start-group -lc -lm -Wl,--end-group
Finished building target: VVC.elf
 
arm-none-eabi-size  VVC.elf 
arm-none-eabi-objdump -h -S VVC.elf  > "VVC.list"
   text	   data	    bss	    dec	    hex	filename
  29112	    128	   2160	  31400	   7aa8	VVC.elf
Finished building: default.size.stdout
 
Finished building: VVC.list
 
18:48:24 **** Incremental Build of configuration Debug for project VVC ****
make -j16 all 
arm-none-eabi-gcc "../Core/Src/main.c" -mcpu=cortex-m0plus -std=gnu11 -g3 -DDEBUG -DUSE_HAL_DRIVER -DSTM32G030xx -c -I../Core/Inc -I../Drivers/STM32G0xx_HAL_Driver/Inc -I../Drivers/STM32G0xx_HAL_Driver/Inc/Legacy -I../Drivers/CMSIS/Device/ST/STM32G0xx/Include -I../Drivers/CMSIS/Include -O0 -ffunction-sections -fdata-sections -Wall -fstack-usage -fcyclomatic-complexity -MMD -MP -MF"Core/Src/main.d" -MT"Core/Src/main.o" --specs=nano.specs -mfloat-abi=soft -mthumb -o "Core/Src/main.o"
arm-none-eabi-gcc -o "VVC.elf" @"objects.list"   -mcpu=cortex-m0plus -T"C:\Users\Ghani\Documents\ECE Projects\Variable_Voltage_Controller\Program\VVC\STM32G030F6PX_FLASH.ld" --specs=nosys.specs -Wl,-Map="VVC.map" -Wl,--gc-sections -static --specs=nano.specs -mfloat-abi=soft -mthumb -Wl,--start-group -lc -lm -Wl,--end-group
Finished building target: VVC.elf
 
arm-none-eabi-size  VVC.elf 
arm-none-eabi-objdump -h -S VVC.elf  > "VVC.list"
   text	   data	    bss	    dec	    hex	filename
  29092	    128	   2160	  31380	   7a94	VVC.elf
Finished building: default.size.stdout
 
Finished building: VVC.list
 
18:49:10 **** Incremental Build of configuration Debug for project VVC ****
make -j16 all 
arm-none-eabi-gcc "../Core/Src/main.c" -mcpu=cortex-m0plus -std=gnu11 -g3 -DDEBUG -DUSE_HAL_DRIVER -DSTM32G030xx -c -I../Core/Inc -I../Drivers/STM32G0xx_HAL_Driver/Inc -I../Drivers/STM32G0xx_HAL_Driver/Inc/Legacy -I../Drivers/CMSIS/Device/ST/STM32G0xx/Include -I../Drivers/CMSIS/Include -O0 -ffunction-sections -fdata-sections -Wall -fstack-usage -fcyclomatic-complexity -MMD -MP -MF"Core/Src/main.d" -MT"Core/Src/main.o" --specs=nano.specs -mfloat-abi=soft -mthumb -o "Core/Src/main.o"
arm-none-eabi-gcc -o "VVC.elf" @"objects.list"   -mcpu=cortex-m0plus -T"C:\Users\Ghani\Documents\ECE Projects\Variable_Voltage_Controller\Program\VVC\STM32G030F6PX_FLASH.ld" --specs=nosys.specs -Wl,-Map="VVC.map" -Wl,--gc-sections -static --specs=nano.specs -mfloat-abi=soft -mthumb -Wl,--start-group -lc -lm -Wl,--end-group
Finished building target: VVC.elf
 
arm-none-eabi-size  VVC.elf 
arm-none-eabi-objdump -h -S VVC.elf  > "VVC.list"
   text	   data	    bss	    dec	    hex	filename
  29092	    128	   2160	  31380	   7a94	VVC.elf
Finished building: default.size.stdout
 
Finished building: VVC.list
 
18:49:58 **** Incremental Build of configuration Debug for project VVC ****
make -j16 all 
arm-none-eabi-gcc "../Core/Src/main.c" -mcpu=cortex-m0plus -std=gnu11 -g3 -DDEBUG -DUSE_HAL_DRIVER -DSTM32G030xx -c -I../Core/Inc -I../Drivers/STM32G0xx_HAL_Driver/Inc -I../Drivers/STM32G0xx_HAL_Driver/Inc/Legacy -I../Drivers/CMSIS/Device/ST/STM32G0xx/Include -I../Drivers/CMSIS/Include -O0 -ffunction-sections -fdata-sections -Wall -fstack-usage -fcyclomatic-complexity -MMD -MP -MF"Core/Src/main.d" -MT"Core/Src/main.o" --specs=nano.specs -mfloat-abi=soft -mthumb -o "Core/Src/main.o"
arm-none-eabi-gcc -o "VVC.elf" @"objects.list"   -mcpu=cortex-m0plus -T"C:\Users\Ghani\Documents\ECE Projects\Variable_Voltage_Controller\Program\VVC\STM32G030F6PX_FLASH.ld" --specs=nosys.specs -Wl,-Map="VVC.map" -Wl,--gc-sections -static --specs=nano.specs -mfloat-abi=soft -mthumb -Wl,--start-group -lc -lm -Wl,--end-group
Finished building target: VVC.elf
 
arm-none-eabi-size  VVC.elf 
arm-none-eabi-objdump -h -S VVC.elf  > "VVC.list"
   text	   data	    bss	    dec	    hex	filename
  29112	    128	   2160	  31400	   7aa8	VVC.elf
Finished building: default.size.stdout
 
Finished building: VVC.list
 
18:50:34 **** Incremental Build of configuration Debug for project VVC ****
make -j16 all 
arm-none-eabi-gcc "../Core/Src/main.c" -mcpu=cortex-m0plus -std=gnu11 -g3 -DDEBUG -DUSE_HAL_DRIVER -DSTM32G030xx -c -I../Core/Inc -I../Drivers/STM32G0xx_HAL_Driver/Inc -I../Drivers/STM32G0xx_HAL_Driver/Inc/Legacy -I../Drivers/CMSIS/Device/ST/STM32G0xx/Include -I../Drivers/CMSIS/Include -O0 -ffunction-sections -fdata-sections -Wall -fstack-usage -fcyclomatic-complexity -MMD -MP -MF"Core/Src/main.d" -MT"Core/Src/main.o" --specs=nano.specs -mfloat-abi=soft -mthumb -o "Core/Src/main.o"
arm-none-eabi-gcc -o "VVC.elf" @"objects.list"   -mcpu=cortex-m0plus -T"C:\Users\Ghani\Documents\ECE Projects\Variable_Voltage_Controller\Program\VVC\STM32G030F6PX_FLASH.ld" --specs=nosys.specs -Wl,-Map="VVC.map" -Wl,--gc-sections -static --specs=nano.specs -mfloat-abi=soft -mthumb -Wl,--start-group -lc -lm -Wl,--end-group
Finished building target: VVC.elf
 
arm-none-eabi-size  VVC.elf 
arm-none-eabi-objdump -h -S VVC.elf  > "VVC.list"
   text	   data	    bss	    dec	    hex	filename
  29108	    128	   2160	  31396	   7aa4	VVC.elf
Finished building: default.size.stdout
 
Finished building: VVC.list
 
18:51:51 **** Incremental Build of configuration Debug for project VVC ****
make -j16 all 
arm-none-eabi-gcc "../Core/Src/main.c" -mcpu=cortex-m0plus -std=gnu11 -g3 -DDEBUG -DUSE_HAL_DRIVER -DSTM32G030xx -c -I../Core/Inc -I../Drivers/STM32G0xx_HAL_Driver/Inc -I../Drivers/STM32G0xx_HAL_Driver/Inc/Legacy -I../Drivers/CMSIS/Device/ST/STM32G0xx/Include -I../Drivers/CMSIS/Include -O0 -ffunction-sections -fdata-sections -Wall -fstack-usage -fcyclomatic-complexity -MMD -MP -MF"Core/Src/main.d" -MT"Core/Src/main.o" --specs=nano.specs -mfloat-abi=soft -mthumb -o "Core/Src/main.o"
arm-none-eabi-gcc -o "VVC.elf" @"objects.list"   -mcpu=cortex-m0plus -T"C:\Users\Ghani\Documents\ECE Projects\Variable_Voltage_Controller\Program\VVC\STM32G030F6PX_FLASH.ld" --specs=nosys.specs -Wl,-Map="VVC.map" -Wl,--gc-sections -static --specs=nano.specs -mfloat-abi=soft -mthumb -Wl,--start-group -lc -lm -Wl,--end-group
Finished building target: VVC.elf
 
arm-none-eabi-size  VVC.elf 
arm-none-eabi-objdump -h -S VVC.elf  > "VVC.list"
   text	   data	    bss	    dec	    hex	filename
  29108	    128	   2160	  31396	   7aa4	VVC.elf
Finished building: default.size.stdout
 
Finished building: VVC.list
 
18:53:36 **** Incremental Build of configuration Debug for project VVC ****
make -j16 all 
arm-none-eabi-gcc "../Core/Src/main.c" -mcpu=cortex-m0plus -std=gnu11 -g3 -DDEBUG -DUSE_HAL_DRIVER -DSTM32G030xx -c -I../Core/Inc -I../Drivers/STM32G0xx_HAL_Driver/Inc -I../Drivers/STM32G0xx_HAL_Driver/Inc/Legacy -I../Drivers/CMSIS/Device/ST/STM32G0xx/Include -I../Drivers/CMSIS/Include -O0 -ffunction-sections -fdata-sections -Wall -fstack-usage -fcyclomatic-complexity -MMD -MP -MF"Core/Src/main.d" -MT"Core/Src/main.o" --specs=nano.specs -mfloat-abi=soft -mthumb -o "Core/Src/main.o"
arm-none-eabi-gcc -o "VVC.elf" @"objects.list"   -mcpu=cortex-m0plus -T"C:\Users\Ghani\Documents\ECE Projects\Variable_Voltage_Controller\Program\VVC\STM32G030F6PX_FLASH.ld" --specs=nosys.specs -Wl,-Map="VVC.map" -Wl,--gc-sections -static --specs=nano.specs -mfloat-abi=soft -mthumb -Wl,--start-group -lc -lm -Wl,--end-group
Finished building target: VVC.elf
 
arm-none-eabi-size  VVC.elf 
arm-none-eabi-objdump -h -S VVC.elf  > "VVC.list"
   text	   data	    bss	    dec	    hex	filename
  29108	    128	   2160	  31396	   7aa4	VVC.elf
Finished building: default.size.stdout
 
Finished building: VVC.list
 
18:54:18 **** Incremental Build of configuration Debug for project VVC ****
make -j16 all 
arm-none-eabi-gcc "../Core/Src/main.c" -mcpu=cortex-m0plus -std=gnu11 -g3 -DDEBUG -DUSE_HAL_DRIVER -DSTM32G030xx -c -I../Core/Inc -I../Drivers/STM32G0xx_HAL_Driver/Inc -I../Drivers/STM32G0xx_HAL_Driver/Inc/Legacy -I../Drivers/CMSIS/Device/ST/STM32G0xx/Include -I../Drivers/CMSIS/Include -O0 -ffunction-sections -fdata-sections -Wall -fstack-usage -fcyclomatic-complexity -MMD -MP -MF"Core/Src/main.d" -MT"Core/Src/main.o" --specs=nano.specs -mfloat-abi=soft -mthumb -o "Core/Src/main.o"
arm-none-eabi-gcc -o "VVC.elf" @"objects.list"   -mcpu=cortex-m0plus -T"C:\Users\Ghani\Documents\ECE Projects\Variable_Voltage_Controller\Program\VVC\STM32G030F6PX_FLASH.ld" --specs=nosys.specs -Wl,-Map="VVC.map" -Wl,--gc-sections -static --specs=nano.specs -mfloat-abi=soft -mthumb -Wl,--start-group -lc -lm -Wl,--end-group
Finished building target: VVC.elf
 
arm-none-eabi-size  VVC.elf 
arm-none-eabi-objdump -h -S VVC.elf  > "VVC.list"
   text	   data	    bss	    dec	    hex	filename
  29112	    128	   2160	  31400	   7aa8	VVC.elf
Finished building: default.size.stdout
 
Finished building: VVC.list
 
18:55:13 **** Incremental Build of configuration Debug for project VVC ****
make -j16 all 
arm-none-eabi-gcc "../Core/Src/main.c" -mcpu=cortex-m0plus -std=gnu11 -g3 -DDEBUG -DUSE_HAL_DRIVER -DSTM32G030xx -c -I../Core/Inc -I../Drivers/STM32G0xx_HAL_Driver/Inc -I../Drivers/STM32G0xx_HAL_Driver/Inc/Legacy -I../Drivers/CMSIS/Device/ST/STM32G0xx/Include -I../Drivers/CMSIS/Include -O0 -ffunction-sections -fdata-sections -Wall -fstack-usage -fcyclomatic-complexity -MMD -MP -MF"Core/Src/main.d" -MT"Core/Src/main.o" --specs=nano.specs -mfloat-abi=soft -mthumb -o "Core/Src/main.o"
arm-none-eabi-gcc -o "VVC.elf" @"objects.list"   -mcpu=cortex-m0plus -T"C:\Users\Ghani\Documents\ECE Projects\Variable_Voltage_Controller\Program\VVC\STM32G030F6PX_FLASH.ld" --specs=nosys.specs -Wl,-Map="VVC.map" -Wl,--gc-sections -static --specs=nano.specs -mfloat-abi=soft -mthumb -Wl,--start-group -lc -lm -Wl,--end-group
Finished building target: VVC.elf
 
arm-none-eabi-size  VVC.elf 
arm-none-eabi-objdump -h -S VVC.elf  > "VVC.list"
   text	   data	    bss	    dec	    hex	filename
  29092	    128	   2160	  31380	   7a94	VVC.elf
Finished building: default.size.stdout
 
Finished building: VVC.list
 
19:23:29 **** Incremental Build of configuration Debug for project VVC ****
make -j16 all 
arm-none-eabi-gcc "../Core/Src/main.c" -mcpu=cortex-m0plus -std=gnu11 -g3 -DDEBUG -DUSE_HAL_DRIVER -DSTM32G030xx -c -I../Core/Inc -I../Drivers/STM32G0xx_HAL_Driver/Inc -I../Drivers/STM32G0xx_HAL_Driver/Inc/Legacy -I../Drivers/CMSIS/Device/ST/STM32G0xx/Include -I../Drivers/CMSIS/Include -O0 -ffunction-sections -fdata-sections -Wall -fstack-usage -fcyclomatic-complexity -MMD -MP -MF"Core/Src/main.d" -MT"Core/Src/main.o" --specs=nano.specs -mfloat-abi=soft -mthumb -o "Core/Src/main.o"
arm-none-eabi-gcc -o "VVC.elf" @"objects.list"   -mcpu=cortex-m0plus -T"C:\Users\Ghani\Documents\ECE Projects\Variable_Voltage_Controller\Program\VVC\STM32G030F6PX_FLASH.ld" --specs=nosys.specs -Wl,-Map="VVC.map" -Wl,--gc-sections -static --specs=nano.specs -mfloat-abi=soft -mthumb -Wl,--start-group -lc -lm -Wl,--end-group
Finished building target: VVC.elf
 
arm-none-eabi-size  VVC.elf 
arm-none-eabi-objdump -h -S VVC.elf  > "VVC.list"
   text	   data	    bss	    dec	    hex	filename
  29092	    128	   2160	  31380	   7a94	VVC.elf
Finished building: default.size.stdout
 
Finished building: VVC.list
 
19:24:06 **** Incremental Build of configuration Debug for project VVC ****
make -j16 all 
arm-none-eabi-size  VVC.elf 
   text	   data	    bss	    dec	    hex	filename
  29092	    128	   2160	  31380	   7a94	VVC.elf
Finished building: default.size.stdout
 
19:24:27 **** Incremental Build of configuration Debug for project VVC ****
make -j16 all 
arm-none-eabi-size  VVC.elf 
   text	   data	    bss	    dec	    hex	filename
  29092	    128	   2160	  31380	   7a94	VVC.elf
Finished building: default.size.stdout
 
19:24:48 **** Incremental Build of configuration Debug for project VVC ****
make -j16 all 
arm-none-eabi-size  VVC.elf 
   text	   data	    bss	    dec	    hex	filename
  29092	    128	   2160	  31380	   7a94	VVC.elf
Finished building: default.size.stdout
 
19:32:07 **** Incremental Build of configuration Debug for project VVC ****
make -j16 all 
arm-none-eabi-gcc "../Core/Src/main.c" -mcpu=cortex-m0plus -std=gnu11 -g3 -DDEBUG -DUSE_HAL_DRIVER -DSTM32G030xx -c -I../Core/Inc -I../Drivers/STM32G0xx_HAL_Driver/Inc -I../Drivers/STM32G0xx_HAL_Driver/Inc/Legacy -I../Drivers/CMSIS/Device/ST/STM32G0xx/Include -I../Drivers/CMSIS/Include -O0 -ffunction-sections -fdata-sections -Wall -fstack-usage -fcyclomatic-complexity -MMD -MP -MF"Core/Src/main.d" -MT"Core/Src/main.o" --specs=nano.specs -mfloat-abi=soft -mthumb -o "Core/Src/main.o"
arm-none-eabi-gcc -o "VVC.elf" @"objects.list"   -mcpu=cortex-m0plus -T"C:\Users\Ghani\Documents\ECE Projects\Variable_Voltage_Controller\Program\VVC\STM32G030F6PX_FLASH.ld" --specs=nosys.specs -Wl,-Map="VVC.map" -Wl,--gc-sections -static --specs=nano.specs -mfloat-abi=soft -mthumb -Wl,--start-group -lc -lm -Wl,--end-group
Finished building target: VVC.elf
 
arm-none-eabi-size  VVC.elf 
arm-none-eabi-objdump -h -S VVC.elf  > "VVC.list"
   text	   data	    bss	    dec	    hex	filename
  29092	    128	   2160	  31380	   7a94	VVC.elf
Finished building: default.size.stdout
 
Finished building: VVC.list
 
19:34:47 **** Incremental Build of configuration Debug for project VVC ****
make -j16 all 
arm-none-eabi-gcc "../Core/Src/main.c" -mcpu=cortex-m0plus -std=gnu11 -g3 -DDEBUG -DUSE_HAL_DRIVER -DSTM32G030xx -c -I../Core/Inc -I../Drivers/STM32G0xx_HAL_Driver/Inc -I../Drivers/STM32G0xx_HAL_Driver/Inc/Legacy -I../Drivers/CMSIS/Device/ST/STM32G0xx/Include -I../Drivers/CMSIS/Include -O0 -ffunction-sections -fdata-sections -Wall -fstack-usage -fcyclomatic-complexity -MMD -MP -MF"Core/Src/main.d" -MT"Core/Src/main.o" --specs=nano.specs -mfloat-abi=soft -mthumb -o "Core/Src/main.o"
arm-none-eabi-gcc -o "VVC.elf" @"objects.list"   -mcpu=cortex-m0plus -T"C:\Users\Ghani\Documents\ECE Projects\Variable_Voltage_Controller\Program\VVC\STM32G030F6PX_FLASH.ld" --specs=nosys.specs -Wl,-Map="VVC.map" -Wl,--gc-sections -static --specs=nano.specs -mfloat-abi=soft -mthumb -Wl,--start-group -lc -lm -Wl,--end-group
Finished building target: VVC.elf
 
arm-none-eabi-size  VVC.elf 
arm-none-eabi-objdump -h -S VVC.elf  > "VVC.list"
   text	   data	    bss	    dec	    hex	filename
  29092	    128	   2160	  31380	   7a94	VVC.elf
Finished building: default.size.stdout
 
Finished building: VVC.list
 
19:35:38 **** Incremental Build of configuration Debug for project VVC ****
make -j16 all 
arm-none-eabi-gcc "../Core/Src/main.c" -mcpu=cortex-m0plus -std=gnu11 -g3 -DDEBUG -DUSE_HAL_DRIVER -DSTM32G030xx -c -I../Core/Inc -I../Drivers/STM32G0xx_HAL_Driver/Inc -I../Drivers/STM32G0xx_HAL_Driver/Inc/Legacy -I../Drivers/CMSIS/Device/ST/STM32G0xx/Include -I../Drivers/CMSIS/Include -O0 -ffunction-sections -fdata-sections -Wall -fstack-usage -fcyclomatic-complexity -MMD -MP -MF"Core/Src/main.d" -MT"Core/Src/main.o" --specs=nano.specs -mfloat-abi=soft -mthumb -o "Core/Src/main.o"
arm-none-eabi-gcc -o "VVC.elf" @"objects.list"   -mcpu=cortex-m0plus -T"C:\Users\Ghani\Documents\ECE Projects\Variable_Voltage_Controller\Program\VVC\STM32G030F6PX_FLASH.ld" --specs=nosys.specs -Wl,-Map="VVC.map" -Wl,--gc-sections -static --specs=nano.specs -mfloat-abi=soft -mthumb -Wl,--start-group -lc -lm -Wl,--end-group
Finished building target: VVC.elf
 
arm-none-eabi-size  VVC.elf 
arm-none-eabi-objdump -h -S VVC.elf  > "VVC.list"
   text	   data	    bss	    dec	    hex	filename
  29092	    128	   2160	  31380	   7a94	VVC.elf
Finished building: default.size.stdout
 
Finished building: VVC.list
 
19:39:08 **** Incremental Build of configuration Debug for project VVC ****
make -j16 all 
arm-none-eabi-size  VVC.elf 
   text	   data	    bss	    dec	    hex	filename
  29092	    128	   2160	  31380	   7a94	VVC.elf
Finished building: default.size.stdout
 
19:40:01 **** Incremental Build of configuration Debug for project VVC ****
make -j16 all 
arm-none-eabi-gcc "../Core/Src/main.c" -mcpu=cortex-m0plus -std=gnu11 -g3 -DDEBUG -DUSE_HAL_DRIVER -DSTM32G030xx -c -I../Core/Inc -I../Drivers/STM32G0xx_HAL_Driver/Inc -I../Drivers/STM32G0xx_HAL_Driver/Inc/Legacy -I../Drivers/CMSIS/Device/ST/STM32G0xx/Include -I../Drivers/CMSIS/Include -O0 -ffunction-sections -fdata-sections -Wall -fstack-usage -fcyclomatic-complexity -MMD -MP -MF"Core/Src/main.d" -MT"Core/Src/main.o" --specs=nano.specs -mfloat-abi=soft -mthumb -o "Core/Src/main.o"
arm-none-eabi-gcc -o "VVC.elf" @"objects.list"   -mcpu=cortex-m0plus -T"C:\Users\Ghani\Documents\ECE Projects\Variable_Voltage_Controller\Program\VVC\STM32G030F6PX_FLASH.ld" --specs=nosys.specs -Wl,-Map="VVC.map" -Wl,--gc-sections -static --specs=nano.specs -mfloat-abi=soft -mthumb -Wl,--start-group -lc -lm -Wl,--end-group
Finished building target: VVC.elf
 
arm-none-eabi-size  VVC.elf 
arm-none-eabi-objdump -h -S VVC.elf  > "VVC.list"
   text	   data	    bss	    dec	    hex	filename
  29092	    128	   2160	  31380	   7a94	VVC.elf
Finished building: default.size.stdout
 
Finished building: VVC.list
 
19:42:28 **** Incremental Build of configuration Debug for project VVC ****
make -j16 all 
arm-none-eabi-gcc "../Core/Src/main.c" -mcpu=cortex-m0plus -std=gnu11 -g3 -DDEBUG -DUSE_HAL_DRIVER -DSTM32G030xx -c -I../Core/Inc -I../Drivers/STM32G0xx_HAL_Driver/Inc -I../Drivers/STM32G0xx_HAL_Driver/Inc/Legacy -I../Drivers/CMSIS/Device/ST/STM32G0xx/Include -I../Drivers/CMSIS/Include -O0 -ffunction-sections -fdata-sections -Wall -fstack-usage -fcyclomatic-complexity -MMD -MP -MF"Core/Src/main.d" -MT"Core/Src/main.o" --specs=nano.specs -mfloat-abi=soft -mthumb -o "Core/Src/main.o"
arm-none-eabi-gcc -o "VVC.elf" @"objects.list"   -mcpu=cortex-m0plus -T"C:\Users\Ghani\Documents\ECE Projects\Variable_Voltage_Controller\Program\VVC\STM32G030F6PX_FLASH.ld" --specs=nosys.specs -Wl,-Map="VVC.map" -Wl,--gc-sections -static --specs=nano.specs -mfloat-abi=soft -mthumb -Wl,--start-group -lc -lm -Wl,--end-group
Finished building target: VVC.elf
 
arm-none-eabi-size  VVC.elf 
arm-none-eabi-objdump -h -S VVC.elf  > "VVC.list"
   text	   data	    bss	    dec	    hex	filename
  29092	    128	   2160	  31380	   7a94	VVC.elf
Finished building: default.size.stdout
 
Finished building: VVC.list
 
19:45:58 **** Incremental Build of configuration Debug for project VVC ****
make -j16 all 
arm-none-eabi-size  VVC.elf 
   text	   data	    bss	    dec	    hex	filename
  29092	    128	   2160	  31380	   7a94	VVC.elf
Finished building: default.size.stdout
 
20:02:28 **** Incremental Build of configuration Debug for project VVC ****
make -j16 all 
arm-none-eabi-gcc "../Core/Src/main.c" -mcpu=cortex-m0plus -std=gnu11 -g3 -DDEBUG -DUSE_HAL_DRIVER -DSTM32G030xx -c -I../Core/Inc -I../Drivers/STM32G0xx_HAL_Driver/Inc -I../Drivers/STM32G0xx_HAL_Driver/Inc/Legacy -I../Drivers/CMSIS/Device/ST/STM32G0xx/Include -I../Drivers/CMSIS/Include -O0 -ffunction-sections -fdata-sections -Wall -fstack-usage -fcyclomatic-complexity -MMD -MP -MF"Core/Src/main.d" -MT"Core/Src/main.o" --specs=nano.specs -mfloat-abi=soft -mthumb -o "Core/Src/main.o"
arm-none-eabi-gcc -o "VVC.elf" @"objects.list"   -mcpu=cortex-m0plus -T"C:\Users\Ghani\Documents\ECE Projects\Variable_Voltage_Controller\Program\VVC\STM32G030F6PX_FLASH.ld" --specs=nosys.specs -Wl,-Map="VVC.map" -Wl,--gc-sections -static --specs=nano.specs -mfloat-abi=soft -mthumb -Wl,--start-group -lc -lm -Wl,--end-group
Finished building target: VVC.elf
 
arm-none-eabi-size  VVC.elf 
arm-none-eabi-objdump -h -S VVC.elf  > "VVC.list"
   text	   data	    bss	    dec	    hex	filename
  29092	    128	   2160	  31380	   7a94	VVC.elf
Finished building: default.size.stdout
 
Finished building: VVC.list
 
20:06:05 **** Incremental Build of configuration Debug for project VVC ****
make -j16 all 
arm-none-eabi-size  VVC.elf 
   text	   data	    bss	    dec	    hex	filename
  29092	    128	   2160	  31380	   7a94	VVC.elf
Finished building: default.size.stdout
 
20:11:34 **** Incremental Build of configuration Debug for project VVC ****
make -j16 all 
arm-none-eabi-size  VVC.elf 
   text	   data	    bss	    dec	    hex	filename
  29092	    128	   2160	  31380	   7a94	VVC.elf
Finished building: default.size.stdout
 
20:11:47 **** Incremental Build of configuration Debug for project VVC ****
make -j16 all 
arm-none-eabi-size  VVC.elf 
   text	   data	    bss	    dec	    hex	filename
  29092	    128	   2160	  31380	   7a94	VVC.elf
Finished building: default.size.stdout
 
20:17:45 **** Incremental Build of configuration Debug for project VVC ****
make -j16 all 
arm-none-eabi-gcc "../Core/Src/main.c" -mcpu=cortex-m0plus -std=gnu11 -g3 -DDEBUG -DUSE_HAL_DRIVER -DSTM32G030xx -c -I../Core/Inc -I../Drivers/STM32G0xx_HAL_Driver/Inc -I../Drivers/STM32G0xx_HAL_Driver/Inc/Legacy -I../Drivers/CMSIS/Device/ST/STM32G0xx/Include -I../Drivers/CMSIS/Include -O0 -ffunction-sections -fdata-sections -Wall -fstack-usage -fcyclomatic-complexity -MMD -MP -MF"Core/Src/main.d" -MT"Core/Src/main.o" --specs=nano.specs -mfloat-abi=soft -mthumb -o "Core/Src/main.o"
arm-none-eabi-gcc -o "VVC.elf" @"objects.list"   -mcpu=cortex-m0plus -T"C:\Users\Ghani\Documents\ECE Projects\Variable_Voltage_Controller\Program\VVC\STM32G030F6PX_FLASH.ld" --specs=nosys.specs -Wl,-Map="VVC.map" -Wl,--gc-sections -static --specs=nano.specs -mfloat-abi=soft -mthumb -Wl,--start-group -lc -lm -Wl,--end-group
Finished building target: VVC.elf
 
arm-none-eabi-size  VVC.elf 
arm-none-eabi-objdump -h -S VVC.elf  > "VVC.list"
   text	   data	    bss	    dec	    hex	filename
  29092	    128	   2160	  31380	   7a94	VVC.elf
Finished building: default.size.stdout
 
Finished building: VVC.list
 
20:30:35 **** Incremental Build of configuration Debug for project VVC ****
make -j16 all 
arm-none-eabi-gcc "../Core/Src/main.c" -mcpu=cortex-m0plus -std=gnu11 -g3 -DDEBUG -DUSE_HAL_DRIVER -DSTM32G030xx -c -I../Core/Inc -I../Drivers/STM32G0xx_HAL_Driver/Inc -I../Drivers/STM32G0xx_HAL_Driver/Inc/Legacy -I../Drivers/CMSIS/Device/ST/STM32G0xx/Include -I../Drivers/CMSIS/Include -O0 -ffunction-sections -fdata-sections -Wall -fstack-usage -fcyclomatic-complexity -MMD -MP -MF"Core/Src/main.d" -MT"Core/Src/main.o" --specs=nano.specs -mfloat-abi=soft -mthumb -o "Core/Src/main.o"
arm-none-eabi-gcc -o "VVC.elf" @"objects.list"   -mcpu=cortex-m0plus -T"C:\Users\Ghani\Documents\ECE Projects\Variable_Voltage_Controller\Program\VVC\STM32G030F6PX_FLASH.ld" --specs=nosys.specs -Wl,-Map="VVC.map" -Wl,--gc-sections -static --specs=nano.specs -mfloat-abi=soft -mthumb -Wl,--start-group -lc -lm -Wl,--end-group
Finished building target: VVC.elf
 
arm-none-eabi-size  VVC.elf 
arm-none-eabi-objdump -h -S VVC.elf  > "VVC.list"
   text	   data	    bss	    dec	    hex	filename
  29092	    128	   2160	  31380	   7a94	VVC.elf
Finished building: default.size.stdout
 
Finished building: VVC.list
 
20:32:09 **** Incremental Build of configuration Debug for project VVC ****
make -j16 all 
arm-none-eabi-gcc "../Core/Src/main.c" -mcpu=cortex-m0plus -std=gnu11 -g3 -DDEBUG -DUSE_HAL_DRIVER -DSTM32G030xx -c -I../Core/Inc -I../Drivers/STM32G0xx_HAL_Driver/Inc -I../Drivers/STM32G0xx_HAL_Driver/Inc/Legacy -I../Drivers/CMSIS/Device/ST/STM32G0xx/Include -I../Drivers/CMSIS/Include -O0 -ffunction-sections -fdata-sections -Wall -fstack-usage -fcyclomatic-complexity -MMD -MP -MF"Core/Src/main.d" -MT"Core/Src/main.o" --specs=nano.specs -mfloat-abi=soft -mthumb -o "Core/Src/main.o"
arm-none-eabi-gcc -o "VVC.elf" @"objects.list"   -mcpu=cortex-m0plus -T"C:\Users\Ghani\Documents\ECE Projects\Variable_Voltage_Controller\Program\VVC\STM32G030F6PX_FLASH.ld" --specs=nosys.specs -Wl,-Map="VVC.map" -Wl,--gc-sections -static --specs=nano.specs -mfloat-abi=soft -mthumb -Wl,--start-group -lc -lm -Wl,--end-group
Finished building target: VVC.elf
 
arm-none-eabi-size  VVC.elf 
arm-none-eabi-objdump -h -S VVC.elf  > "VVC.list"
   text	   data	    bss	    dec	    hex	filename
  29092	    128	   2160	  31380	   7a94	VVC.elf
Finished building: default.size.stdout
 
Finished building: VVC.list
 
20:34:51 **** Incremental Build of configuration Debug for project VVC ****
make -j16 all 
arm-none-eabi-gcc "../Core/Src/main.c" -mcpu=cortex-m0plus -std=gnu11 -g3 -DDEBUG -DUSE_HAL_DRIVER -DSTM32G030xx -c -I../Core/Inc -I../Drivers/STM32G0xx_HAL_Driver/Inc -I../Drivers/STM32G0xx_HAL_Driver/Inc/Legacy -I../Drivers/CMSIS/Device/ST/STM32G0xx/Include -I../Drivers/CMSIS/Include -O0 -ffunction-sections -fdata-sections -Wall -fstack-usage -fcyclomatic-complexity -MMD -MP -MF"Core/Src/main.d" -MT"Core/Src/main.o" --specs=nano.specs -mfloat-abi=soft -mthumb -o "Core/Src/main.o"
arm-none-eabi-gcc -o "VVC.elf" @"objects.list"   -mcpu=cortex-m0plus -T"C:\Users\Ghani\Documents\ECE Projects\Variable_Voltage_Controller\Program\VVC\STM32G030F6PX_FLASH.ld" --specs=nosys.specs -Wl,-Map="VVC.map" -Wl,--gc-sections -static --specs=nano.specs -mfloat-abi=soft -mthumb -Wl,--start-group -lc -lm -Wl,--end-group
Finished building target: VVC.elf
 
arm-none-eabi-size  VVC.elf 
arm-none-eabi-objdump -h -S VVC.elf  > "VVC.list"
   text	   data	    bss	    dec	    hex	filename
  29096	    128	   2160	  31384	   7a98	VVC.elf
Finished building: default.size.stdout
 
Finished building: VVC.list
 
20:40:56 **** Incremental Build of configuration Debug for project VVC ****
make -j16 all 
arm-none-eabi-gcc "../Core/Src/main.c" -mcpu=cortex-m0plus -std=gnu11 -g3 -DDEBUG -DUSE_HAL_DRIVER -DSTM32G030xx -c -I../Core/Inc -I../Drivers/STM32G0xx_HAL_Driver/Inc -I../Drivers/STM32G0xx_HAL_Driver/Inc/Legacy -I../Drivers/CMSIS/Device/ST/STM32G0xx/Include -I../Drivers/CMSIS/Include -O0 -ffunction-sections -fdata-sections -Wall -fstack-usage -fcyclomatic-complexity -MMD -MP -MF"Core/Src/main.d" -MT"Core/Src/main.o" --specs=nano.specs -mfloat-abi=soft -mthumb -o "Core/Src/main.o"
arm-none-eabi-gcc -o "VVC.elf" @"objects.list"   -mcpu=cortex-m0plus -T"C:\Users\Ghani\Documents\ECE Projects\Variable_Voltage_Controller\Program\VVC\STM32G030F6PX_FLASH.ld" --specs=nosys.specs -Wl,-Map="VVC.map" -Wl,--gc-sections -static --specs=nano.specs -mfloat-abi=soft -mthumb -Wl,--start-group -lc -lm -Wl,--end-group
Finished building target: VVC.elf
 
arm-none-eabi-size  VVC.elf 
arm-none-eabi-objdump -h -S VVC.elf  > "VVC.list"
   text	   data	    bss	    dec	    hex	filename
  29096	    128	   2160	  31384	   7a98	VVC.elf
Finished building: default.size.stdout
 
Finished building: VVC.list
 
00:32:33 **** Incremental Build of configuration Debug for project VVC ****
make -j16 all 
arm-none-eabi-size  VVC.elf 
   text	   data	    bss	    dec	    hex	filename
  29096	    128	   2160	  31384	   7a98	VVC.elf
Finished building: default.size.stdout
 
00:42:36 **** Incremental Build of configuration Debug for project VVC ****
make -j16 all 
arm-none-eabi-gcc "../Core/Src/main.c" -mcpu=cortex-m0plus -std=gnu11 -g3 -DDEBUG -DUSE_HAL_DRIVER -DSTM32G030xx -c -I../Core/Inc -I../Drivers/STM32G0xx_HAL_Driver/Inc -I../Drivers/STM32G0xx_HAL_Driver/Inc/Legacy -I../Drivers/CMSIS/Device/ST/STM32G0xx/Include -I../Drivers/CMSIS/Include -O0 -ffunction-sections -fdata-sections -Wall -fstack-usage -fcyclomatic-complexity -MMD -MP -MF"Core/Src/main.d" -MT"Core/Src/main.o" --specs=nano.specs -mfloat-abi=soft -mthumb -o "Core/Src/main.o"
arm-none-eabi-gcc -o "VVC.elf" @"objects.list"   -mcpu=cortex-m0plus -T"C:\Users\Ghani\Documents\ECE Projects\Variable_Voltage_Controller\Program\VVC\STM32G030F6PX_FLASH.ld" --specs=nosys.specs -Wl,-Map="VVC.map" -Wl,--gc-sections -static --specs=nano.specs -mfloat-abi=soft -mthumb -Wl,--start-group -lc -lm -Wl,--end-group
Finished building target: VVC.elf
 
arm-none-eabi-size  VVC.elf 
arm-none-eabi-objdump -h -S VVC.elf  > "VVC.list"
   text	   data	    bss	    dec	    hex	filename
  29092	    128	   2160	  31380	   7a94	VVC.elf
Finished building: default.size.stdout
 
Finished building: VVC.list
 
00:58:32 **** Incremental Build of configuration Debug for project VVC ****
make -j16 all 
arm-none-eabi-gcc "../Core/Src/main.c" -mcpu=cortex-m0plus -std=gnu11 -g3 -DDEBUG -DUSE_HAL_DRIVER -DSTM32G030xx -c -I../Core/Inc -I../Drivers/STM32G0xx_HAL_Driver/Inc -I../Drivers/STM32G0xx_HAL_Driver/Inc/Legacy -I../Drivers/CMSIS/Device/ST/STM32G0xx/Include -I../Drivers/CMSIS/Include -O0 -ffunction-sections -fdata-sections -Wall -fstack-usage -fcyclomatic-complexity -MMD -MP -MF"Core/Src/main.d" -MT"Core/Src/main.o" --specs=nano.specs -mfloat-abi=soft -mthumb -o "Core/Src/main.o"
arm-none-eabi-gcc -o "VVC.elf" @"objects.list"   -mcpu=cortex-m0plus -T"C:\Users\Ghani\Documents\ECE Projects\Variable_Voltage_Controller\Program\VVC\STM32G030F6PX_FLASH.ld" --specs=nosys.specs -Wl,-Map="VVC.map" -Wl,--gc-sections -static --specs=nano.specs -mfloat-abi=soft -mthumb -Wl,--start-group -lc -lm -Wl,--end-group
Finished building target: VVC.elf
 
arm-none-eabi-size  VVC.elf 
arm-none-eabi-objdump -h -S VVC.elf  > "VVC.list"
   text	   data	    bss	    dec	    hex	filename
  29092	    128	   2160	  31380	   7a94	VVC.elf
Finished building: default.size.stdout
 
Finished building: VVC.list
 
00:59:48 **** Incremental Build of configuration Debug for project VVC ****
make -j16 all 
arm-none-eabi-gcc "../Core/Src/main.c" -mcpu=cortex-m0plus -std=gnu11 -g3 -DDEBUG -DUSE_HAL_DRIVER -DSTM32G030xx -c -I../Core/Inc -I../Drivers/STM32G0xx_HAL_Driver/Inc -I../Drivers/STM32G0xx_HAL_Driver/Inc/Legacy -I../Drivers/CMSIS/Device/ST/STM32G0xx/Include -I../Drivers/CMSIS/Include -O0 -ffunction-sections -fdata-sections -Wall -fstack-usage -fcyclomatic-complexity -MMD -MP -MF"Core/Src/main.d" -MT"Core/Src/main.o" --specs=nano.specs -mfloat-abi=soft -mthumb -o "Core/Src/main.o"
arm-none-eabi-gcc -o "VVC.elf" @"objects.list"   -mcpu=cortex-m0plus -T"C:\Users\Ghani\Documents\ECE Projects\Variable_Voltage_Controller\Program\VVC\STM32G030F6PX_FLASH.ld" --specs=nosys.specs -Wl,-Map="VVC.map" -Wl,--gc-sections -static --specs=nano.specs -mfloat-abi=soft -mthumb -Wl,--start-group -lc -lm -Wl,--end-group
Finished building target: VVC.elf
 
arm-none-eabi-size  VVC.elf 
arm-none-eabi-objdump -h -S VVC.elf  > "VVC.list"
   text	   data	    bss	    dec	    hex	filename
  29092	    128	   2160	  31380	   7a94	VVC.elf
Finished building: default.size.stdout
 
Finished building: VVC.list
 
